{
  "line.golden": "{\n  \"type\": \"element\",\n  \"raw\": \"<ps-test><gst-fake-shadow><svg><line x1=\\\"10\\\" x2=\\\"60\\\" y1=\\\"20\\\" y2=\\\"50\\\" stroke=\\\"green\\\" stroke-dasharray=\\\"10 10\\\" stroke-linecap=\\\"round\\\" stroke-opacity=\\\"0.5\\\" stroke-width=\\\"5\\\"></line></svg></gst-fake-shadow></ps-test>\",\n  \"name\": \"line\"\n}"
}