<test-host><div id="el" class="class-name"></div></test-host>