<test-host><!-- #root --><div id="el"><!-- #ref --><div1></div1><div2></div2><div0></div0><div3></div3></div></test-host>