<test-host><gst-fake-shadow><!-- #root --><div1></div1><div3></div3></gst-fake-shadow></test-host>