<test-host><!-- #root --><div id="el"><!-- #ref --></div></test-host>