<test-host><gst-fake-shadow><!-- #root --><div1></div1><div2></div2><div0></div0><div3></div3><div id="el"><!-- #ref --></div></gst-fake-shadow></test-host>