<test-host><!-- #root --><div id="el"><!-- #ref --><div1></div1></div></test-host>