<test-host><!-- #root --><div id="el"><!-- #ref --><div0></div0><div2></div2><div3></div3></div></test-host>