<test-host>
  <!-- #root -->text
  <div id="el">
    <!-- #ref -->
    other
  </div></test-host>