<test-host>
  <!-- #root -->
  <div id="el">
    <!-- #ref -->
    other
  text</div></test-host>