<test-host><gst-fake-shadow><!-- #ref --><a>text2</a></gst-fake-shadow></test-host>