<test-host><!-- #ref --><a>child1child2</a></test-host>