<test-host><gst-fake-shadow><!-- #ref --><a>child1</a></gst-fake-shadow></test-host>