<test-host><!-- #ref --><pr-test a="a2"><div>child<slot></slot></div></pr-test></test-host>