<test-host><!-- #ref --><pr-test>text2</pr-test></test-host>