<test-host><gst-fake-shadow><!-- #ref -->text</gst-fake-shadow></test-host>