<test-host><gst-fake-shadow><!-- #ref --><pr-test a="avalue"></pr-test></gst-fake-shadow></test-host>