<test-host><!-- #ref --><pr-test a="a" b=""><div>child<slot>text2</slot></div></pr-test></test-host>