{
  "type": "element",
  "raw": "<test-host><gst-fake-shadow><!-- #ref -->onetwothree</gst-fake-shadow></test-host>",
  "name": "render-fragment__value"
}