<test-host><gst-fake-shadow><!-- #ref --><div attr="value">new text</div></gst-fake-shadow></test-host>