{
  "type": "element",
  "raw": "<test-host><gst-fake-shadow><!-- #ref --><pr-test a=\"avalue\" b=\"\"><gst-fake-shadow><div>child<slot></slot></div></gst-fake-shadow></pr-test></gst-fake-shadow></test-host>",
  "name": "render-element__emit"
}