<test-host><gst-fake-shadow><!-- #ref --><button autofocus="">button</button></gst-fake-shadow></test-host>