<test-host><gst-fake-shadow><!-- #ref -->textContent</gst-fake-shadow></test-host>