<test-host><gst-fake-shadow><!-- #ref --><pr-test a="a" b="" c="c2"><gst-fake-shadow><div>child<slot></slot></div></gst-fake-shadow></pr-test></gst-fake-shadow></test-host>