<test-host><gst-fake-shadow><!-- #ref -->onetwothree</gst-fake-shadow></test-host>