{
  "type": "element",
  "raw": "<test-host><gst-fake-shadow><div id=\"el\"></div></gst-fake-shadow></test-host>",
  "name": "attr__el_integer_reset"
}