<test-host><gst-fake-shadow>
  <!-- #root -->
  <div id="el">
    <!-- #ref -->
    other
  </div>text</gst-fake-shadow></test-host>