<test-host><gst-fake-shadow><div id="el" has-attr=""></div></gst-fake-shadow></test-host>