<test-host><gst-fake-shadow><!-- #root --><div id="el"><div></div><div></div><div></div><!-- #ref --></div></gst-fake-shadow></test-host>