<test-host><gst-fake-shadow><div0></div0><div2></div2><div3></div3><!-- #root --><div id="el"><!-- #ref --></div><!-- #withId --></gst-fake-shadow></test-host>