<test-host><gst-fake-shadow><!-- #root --><div id="el"><div1></div1><div2></div2><div3></div3><!-- #ref --></div></gst-fake-shadow></test-host>