<test-host><gst-fake-shadow><!-- #root --><div id="el"><!-- #ref --><div0></div0><div2></div2><div3></div3></div></gst-fake-shadow></test-host>