<test-host><gst-fake-shadow><!-- #root --><div id="el"><!-- #ref --></div><!-- #withId --><div0></div0><div1></div1><div2></div2><div3></div3></gst-fake-shadow></test-host>