<test-host><gst-fake-shadow><div1 gst-warning-is-unknown=""></div1><div2 gst-warning-is-unknown=""></div2><div0 gst-warning-is-unknown=""></div0><div3 gst-warning-is-unknown=""></div3><!-- #root --><div id="el"><!-- #ref --></div><!-- #withId --></gst-fake-shadow></test-host>