{
  "type": "element",
  "raw": "<test-host><gst-fake-shadow><!-- #root --><div id=\"el\"><!-- #ref --></div><!-- #withId --><div1 gst-warning-is-unknown=\"\"></div1></gst-fake-shadow></test-host>",
  "name": "foreach__with_id_same_id"
}