{
  "type": "element",
  "raw": "<test-host><gst-fake-shadow><!-- #root --><div id=\"el\"><!-- #ref --></div><!-- #withId --></gst-fake-shadow></test-host>",
  "name": "foreach__root_slotless_multi_delete"
}