<test-host><gst-fake-shadow><!-- #root --><div id="el"><!-- #ref --></div><!-- #withId --><div1 gst-warning-is-unknown=""></div1></gst-fake-shadow></test-host>