<test-host><gst-fake-shadow><!-- #root --><div0></div0><div2></div2><div3></div3><div id="el"><!-- #ref --></div></gst-fake-shadow></test-host>