<test-host><gst-fake-shadow><!-- #root --><div id="el"><!-- #ref --><div1></div1></div></gst-fake-shadow></test-host>