<test-host><gst-fake-shadow>
  <!-- #root -->text
  <div id="el">
    <!-- #ref -->
    other
  </div></gst-fake-shadow></test-host>