{
  "type": "element",
  "raw": "<test-host>text<gst-fake-shadow>\n  <!-- #root -->\n  <div id=\"el\">\n    <!-- #ref -->\n    other\n  </div></gst-fake-shadow></test-host>",
  "name": "text__host"
}